58
40
===============сссссссссссссссссссссс#####################
===сс=========сссссссссссссссс#######ссссссссћћћћћћћћћ#
===ссс======ссссссссссс#######сссћћћћћћћћ,,,ћ,,,ћ#
=сссс=====сссссссс####,,,,#ћћћћ,,,,,ћссћћ/ћћ,,,ћ#
=ссс===ссссссссссс###,,,,#ћћћћ,,ћ,,,,,ћссћ,,,ћ,,,ћ#
==сссс===ссссссссс###ссс##с###ссћ,,/,,ћћћћ,ћћссћ,,,/,,,ћ#
=========ссссссссс##сссссссссссћ,,ћ,,ћ,,,,,ћссћ,,,ћ,,,ћ#
=========ссссссс###сссссссссссссћћћћ,,ћ,,,,,ћссћћ/ћћћћћћ#
=======сссссссс##ћћћћћћссссссссссћ,,ћ,,,,,ћссћ,,,,ћ#
ссссссссссссссс#ћ,,,,,ћссссссссссћ,,/,,,,,ћссћћ,ћћћ#
ссссссссссс###ћ,,,,,ћсссссссссс#/####ћћћћсссс°ссссс#
ссссссссссссс##сћћћ,ћћћссссссссссс#,,,,#сссссссс°сћћћћћ#
сссссссссс##сссс°ссссссссссссс#,,,,#сс°°°°°°°сћ,,,,#
сссссссссссс##сссс°°°ссссссссссссс#,####сс°сссћћ,ћћ,,,,#
ссссссссссс#######°ссссссссссссссс°сссссс°сссћ,,,,,,,,#
ссссссссс°°°°°°°°°°°°°°°°°°°°°°°°°°°сссћ,,,,,,,,#
сссссссссссс°°с#ссссссссссссссссс####°####сћћћћћћ/ћћ#
сссссссс°°сс##сссссссссћћћсћ##,,,,,,,##ћ,,,ћ,,,,#
ссссссссс°°сссс#######ссћ,,,,#,,,,,,,,,#ћ,,,/,,,##
ссссссссс°°ссссссссссс###########,,,,,,,,,#ћ,,,#####с
сссссссс°°сссссссссссссссссссс################ссссс
ссссссссс°сссссссссссссссссссссссссссссссссссссссс
ссссссссс°ссссссссссссссссссћћћћћсссссссссссссссс
сссссссс°°сссссссссссссћћћћ,,,ћћћссссссссссссссс
ссссссссссс°°°сссссссссссссћћ,,,,,,,,ћћсссссссссс===
===ссссссссссссссс°°°сссссссссссћ,,,,,,,,,,ћссссссссссс===
^===сссссссссссссс°°°°°°°°°°°°°°,,,,,,,,,,ћћсссссс========
^^===ссссссссссссс°°ссссссссссссћћћ,,,,,,ћћсссссс=======сс
^^===ссссћћћћћссссс°сссссссссссссћћћћћћћћсссссс===ссссссс
^^===ссссћ,,,ћссссс°°сссссссссссссссссссссссссс===сссссс
^^===ссссћ,,,ћсссссс°°°сссссссссссссссссссссс====сссссс^^^
^^==сссссћћ,ћћсссссссс°сссссссссссссссссссс====сссссс^^^
^^==сссссссссссссссссс°°сссссссссссссссссс====сссссссс^^^^
^^===сссссссссссссссссс°°ссссссссссссссс====ссссссс^^^^^^^
^^====ссссссссссссссс==,,=====сссссс=====ссссс^^^^^^^^^^^^
^^с=====ссссссссс======,,==============сссссс^^^^^^^^^^^^^
^^^с======сссс======сс°°°ссс=====ссссссссс^^^^^^^°°°°^^^
^^сссс==========сссссссссс°сссссссссссссс,,,,°°°°°°°°^^
^^с^ссссс======ссссссссссссс°сссссссс^^^^^^^^°°°°^^^
^^^^ссссс===ссссссссссссссс^^^^^^^^^^^^^^^^
1 15 15 15 15 2 15 15 15 15 15 15 15 15 15 15 15 15 15 15 15 12 15 15 15 15 15 15 15 15 2 15 0 15 15 8 15 15 15 15 15 15 6 6 7 15 7 6 15 15 15 15 15 15 15 15 15 15 15 15 15 1 13 15 15 15 15 15 15 15 15 15 15 15 15 15 15 15 15 15 15 15 15 15 15 15 15 15 15 15 15 15 6 15 7 15 15 15 15 15 15 15 15 15 15 15 15 15 15 15 15 15 15 15 15 15 15 15 15 15 15 15 15 15 15 15 15 15 15 15 15 15 15 15 15 15 15 15 15 15 15 15 15 15 15 15 15 15 15 15 15 15 15 15 15 15 15 15 6 15 15 15 15 15 15 15 15 15 15 15 15 15 15 15 15 15 6 14 10 15 15 15 15 15 15 15 15 15 15 15 15 15 15 15 15 15 15 15 15 15 15 15 15 15 15 15 15 15 15 15 15 15 15 15 15 15 15 15 15 7 15 15 15 15 15 15 15 15 15 15 15 15 15 15 15 15 15 15 15 15 15 2 15 15 15 15 15 15 15 15 15 15 15 15 15 15 
3 3 3 3 3 0 3 3 3 3 3 3 3 3 3 3 3 3 3 3 3 1 3 3 3 3 3 3 3 3 3 3 3 3 3 3 3 3 3 3 3 3 3 3 3 3 3 3 3 3 3 3 3 3 3 3 3 3 3 3 3 3 3 3 3 3 3 3 3 3 3 3 3 3 3 3 3 3 3 3 3 3 3 3 3 3 3 3 3 3 3 3 3 3 3 3 3 3 3 3 3 3 3 3 3 3 3 3 3 3 3 3 3 3 3 3 3 3 3 3 3 3 3 3 3 3 3 3 3 3 3 3 3 3 3 3 3 3 3 3 3 3 3 3 3 3 3 3 3 3 3 3 3 3 3 3 3 3 3 3 3 3 3 3 3 3 3 3 3 3 3 3 3 3 3 3 1 3 3 3 3 3 3 3 3 3 0 0 0 3 3 3 3 3 3 3 3 3 3 3 0 0 0 0 3 0 3 3 3 3 3 3 3 3 3 3 3 3 3 3 3 3 3 3 3 3 3 3 3 3 3 3 3 3 3 3 3 3 3 3 3 3 3 3 3 3 3 3 3 3 3 3 3 3 3 3 