120
60
#####################==#################################################################################################
######,,,,,,,,,,ñ,====##############,,,,,,####################,,,###########,,,##########,,,,,,#########,,,,,,,#########
#####,,,,,ñ,ñ,,,===,,,,############,,####,,####,,,,,,#,,,,,##,,,,,,,########,#################,,#######,,#####,,########
####,ññ,ññññ,ññ=,,,,,,,#####,,,,,,,######,,,,,,##,,,,,###,,,######,#########,,########,,,#####,,######,,######,########
###,ñññññññ====ñ,ñ,,,,#####,#,###################################,,#########,,###,,,,,,,######,#######,,,####,,,######
###,,,ñññ=====ññññ,ñ,,,####,,,,#####################,,,,,######,,,,,,,,,######,,,,,############,########,,#############
##,ññ,ññ===ñ=ññ,ñññ,,,####,#,##########,,,,,,######,,,,,,####,,######,,,#########,,#########,,,#######,,,,,##,########
#,,,,ñññ====ñññ,,ññ,,#####,,,,#########,,,,,,######,,,,,,,,,,,#######,,,,,,########,,####,,,,,,,,,,,,,####,##,########
#,,ñññññ====ñññññññ,,#####,,,############,,,,,,,####,,,###,,,,,,,##########,,########,,,,,,###,,,,#########,,,,########
##,,,ñ====ññññ,,,,,#######,#,,##############,,,,,#########,,,,,,,#########,,##########,,####,,,,######################
###,,==,ñññññññññ,,#####,,,,,,,#################,,,#########,,,,,,,#######,,,###########,,###,,,,#######,,,,,,,#########
###ñ==,ññññññ,,,#######,,#,,,,,###############,,,,,,#######,,,,,,#######,,,,,,#########,###,,,,####,,,,#####,,,#######
##==,,,ñññ,,,,ñ,,,,,####,,,,#,#,###############,,#,,,,,##################,,,,,##########,,#########,,,,#########,#######
===####,,,,,,,,,,##,,###,#,,##,,#############,,,####,,,,############,,,,,,,,###########,,#########,,#####,,,,####,######
=#########,,,,######,,,,#############,,,,,,,,,######,,,,###########,,,,,##############,,########,,,######,,,,####,######
####################################,,###############,,,#,,,######,,,##############,,,,########,,########,#####,,,######
###################################,,#######,,,,,,,,###,,,,,,,,,,,,,########,,,,,,,,,,,,####,,,##########,,,,,,,########
###########,,,,,,,,,#############,,,######,,,,#####,,#####,,,,,#############,####,,####,,,,,,###########################
#########,,,#######,,,,,##,,,,,,,,####,,,,,#########,,,,#####,,,,###########,,,#######################,,,,,,############
########,,#############,,,,#########,,,#########,,,####,,#####,,,,############,,##################,,,,######,,,,########
#######,,#####,,,,#####,,,##########,#########,,,#,,####,,,#####,,,,###########,,################,,,############,,######
#####,,,#####,,##,,####,#######,,,,,,##,,,,,,,,#####,#####,#####,,,,,,########,,,################,,,,,,,,,,,#####,,#####
###,,,######,,####,,,,,,######,,######,,############,,,,,,,#####,,##,,########,,,######,,,,,#####,,####,,,,,######,,####
###,########,################,,#######,########,,,,#############,###,,,#########,,##,,,,###,,,####,,,,####,,#######,####
##,,########,,,##############,,#######,,#####,,,##,,#####,,,,,,,,####,,,,########,,#,########,,,####,,####,,####,,,#####
##,,##########,,,,,,,,######,,,########,,,,,,,####,,,##,,,##############,#########,,,#######,,,,,,,,,###########,#######
###,,,,,########,,,,#,####,,,,######################,,,,##############,,,##########,,,,,###,,################,,,,#######
########,,,,###,,,,,,,####,,,,#,,##################################,,,,,,######,,####,#,,,,,##############,,,###########
###########,,,,,,,°,°,######,,,,,,,#######,,,,,,###############,,,,####,########,,,,,,##############,#######
###########,,,,#,,,,,°========#,,,,,,,,,,,,##,,,#############,,,################,,,,###############ññññññ,ññññññ######
###,,,,#######,,,,,°##°======###,,#,,,###,,####,#######,,,,,,,#################,,,,,,,#########===========,===========##
##,,,,,,,,#####°##°°°°°°########,,##,,,##,,,#,,,#######,######################,,###########===============,===========##
###,,,,,,,,,######°°#°°°°########,,,,,,,,,,,,,,########,#####################,,############===============,===========##
#####,,,,,,,,#####=#°°#°°°°#########,,#,,,###,,,,######,,########,,,########,,,############===============,===========##
######,,,,,,#####===°°°°°#°#########,,,##,,,,,##,,#####,############,####,,,,,,###########====######ïïïïïï,ïïïïïï#######
######,,,,,,#####=##°°°°===#########,#,,,,######,,#####,,############,,,,,,,##############===#############,#############
######,,,,,,#####=°°#°°==########,,,,##########,,#######,,,#############,,,,,#######,#####=#=#######ïïïïïïïïïïïïï#######
######,,,,,########°°°===#####,,,,#######,,,,,,,,,,,######,,,############,,,,,,####,,#####===#######ï##ïïïïïïï##ï#######
#######,,,,########°°°°==####,,#########,,,,,,,,,,,,,,######,#############,,,,,,,,,,#######===######ïïïïïïïïïïïïï#######
########,#,,######°°°°°#°####,,#########,,,,,,,,,#,,,,######,,############,#,,#############===#######ï#ïï#ï#ïï#ï########
###########,######°#°°°°°#####,,,#######,,,,,,,,,,,,,,#######,############,,,,#,############==#######ï#ïï#ï#ïï#ï########
###########,######°°,°°°°########,##########,,,,,############,,#############,,,,############====#####ïïïïïïïïïïï########
###########,######,#,,,#,########,,###########################,,############,,,,###,#########==###########ï#############
###########,,#####,,,,,,,#########,,,#,,,,,,,,,####,,,,,,,#####,,,##########,#,,,,,,,,######==############ï#############
############,,,,,,,,,,,,############,,,#######,,,,,,#####,,######,##########,,,,,,,,,,,#,###=====########ï############
################,,,,,,,#,#################################,#####,,##############=,,,,,,,######====######ï###########
#############,,,,,############,,žññññññññññññññññžž,,,####,############=,=#,,=,#==,,,,##====######ï############
#############,,,,##########,,,,žžñññññññññññññññññžž,,,##,,###########====#==,,,,=#=##=,,#==#######,############
############,,,###########,,,,,žñññ====ññññññññññññññžž,,,##,,,#########=====,#==#,,,==,=##===#######,###########
########,,,,,,,##########,,,,,,žñññ======ñññ########ñññž,,,####,###########=##====##==,,,======########,#############
#####,,,,####,##########,,,,,,,žññññ=======ñññ#ïïïïïï#ñññž,,,####,###########==#==#=,,,===#=====########,############
#####,#######,##########,,,,,,,žñññññ=======ñññïïïïïïï#ñññž,,,####,,############=#==#==,===###==#########,#############
####,,#######,##########,,,,,,,žñññññ======ññññ#ïïïïïï#ñññž,,,#####,,,,#############=###,#====############,#############
####,,#######,###########,,,,,,žññññññññ=ññññññ#####ïï#žññž,,,#####,,,,,,,,#########===###==##############,,,###########
#####,,,,####,,###########,,,,,ññññññññññññññññžñññññññžžžž,,,#####,#,,#,,,,,#########====#################,,,,#########
########,#####,,###########,,,,žžžñññññññññññžñññññžž,,,,#####,,,,,,,,#,#########################,,,,#,,#,,########
######,,,######,,,#########,,,,,,žžžžñññññññžññžž,,,#,,,,,,,,,,,#,,,,,,,,,#######,,,,,#######,,##,,,,##,########
######,#,########,,,,,,,,,,,,#####,,žžžžžžžžžžžžžžžžžžžž,,#######,,#,,#,,,,,,####,,,,,,,,,###,,,,##,,,######,,,,########
#####,,#,############################,,,,,,,,,,,,,,,,,,,,#########,,,,,,########################,,,,####################
########################################################################################################################
15 7 8 15 15 15 15 15 15 15 15 15 15 15 15 15 15 15 15 15 15 15 15 15 15 15 15 15 15 15 2 0 15 15 15 8 15 15 15 15 15 15 15 15 7 15 15 15 15 15 15 15 15 15 15 15 15 15 15 15 15 1 15 15 15 15 15 15 15 15 15 15 15 15 15 15 15 15 15 15 15 15 15 15 15 15 15 15 15 15 15 15 15 15 15 15 15 15 15 15 15 15 15 15 15 15 15 15 15 15 15 15 15 15 15 15 15 15 15 15 15 15 15 15 15 15 15 15 15 15 15 15 15 15 15 15 15 15 15 15 15 15 15 15 15 15 15 15 15 15 15 15 15 15 15 15 15 15 6 15 15 15 15 15 15 15 15 15 15 15 15 15 15 15 15 67 6 30 14 15 15 15 15 15 15 15 15 15 15 15 15 15 15 15 15 15 15 15 15 15 15 15 15 15 15 15 15 15 15 15 15 15 15 15 15 15 15 15 15 15 15 15 15 15 15 15 15 15 15 15 15 15 15 15 15 15 15 15 15 7 15 2 15 15 10 15 15 15 15 15 15 15 15 15 15 3 
0 0 0 0 0 0 0 0 0 0 0 0 0 0 0 0 0 0 0 0 0 0 0 0 0 0 0 0 0 0 0 0 0 0 0 0 0 0 0 0 0 0 0 0 0 0 0 0 0 0 0 0 0 0 0 0 0 0 0 0 0 0 0 0 0 0 0 0 0 0 0 0 0 0 0 0 0 0 0 0 0 0 0 0 0 0 0 0 0 0 0 0 0 0 0 0 0 0 0 0 0 0 0 0 0 0 0 0 0 0 0 0 0 0 0 0 0 0 0 0 0 0 0 0 0 0 0 0 0 0 0 0 0 0 0 0 0 0 0 0 0 0 0 0 0 0 0 0 0 0 0 0 0 0 0 0 0 0 0 0 0 0 0 0 0 0 0 0 0 0 0 0 0 0 0 0 0 0 0 0 0 0 0 0 0 0 0 0 0 0 0 0 0 0 0 0 0 0 0 0 0 0 0 0 0 0 0 0 0 0 0 0 0 0 0 0 0 0 0 0 0 0 0 0 0 0 0 0 0 0 0 0 0 0 0 0 0 0 0 0 0 0 0 0 0 0 0 0 0 0 0 0 0 0 0 0 